Starting BonusServiceApplication using Java 17.0.13 with PID 1343040 (/home/flammy/IdeaProjects/transaction-flow/bonus-service/target/classes started by flammy in /home/flammy/IdeaProjects/transaction-flow)
No active profile set, falling back to 1 default profile: "default"
Exception encountered during context initialization - cancelling refresh attempt: org.springframework.beans.factory.BeanDefinitionStoreException: Failed to parse configuration class [com.gamingtec.services.bonusservice.BonusServiceApplication]
Application run failed
org.springframework.beans.factory.BeanDefinitionStoreException: Failed to parse configuration class [com.gamingtec.services.bonusservice.BonusServiceApplication]
	at org.springframework.context.annotation.ConfigurationClassParser.parse(ConfigurationClassParser.java:185) ~[spring-context-6.2.0.jar:6.2.0]
	at org.springframework.context.annotation.ConfigurationClassPostProcessor.processConfigBeanDefinitions(ConfigurationClassPostProcessor.java:418) ~[spring-context-6.2.0.jar:6.2.0]
	at org.springframework.context.annotation.ConfigurationClassPostProcessor.postProcessBeanDefinitionRegistry(ConfigurationClassPostProcessor.java:290) ~[spring-context-6.2.0.jar:6.2.0]
	at org.springframework.context.support.PostProcessorRegistrationDelegate.invokeBeanDefinitionRegistryPostProcessors(PostProcessorRegistrationDelegate.java:349) ~[spring-context-6.2.0.jar:6.2.0]
	at org.springframework.context.support.PostProcessorRegistrationDelegate.invokeBeanFactoryPostProcessors(PostProcessorRegistrationDelegate.java:118) ~[spring-context-6.2.0.jar:6.2.0]
	at org.springframework.context.support.AbstractApplicationContext.invokeBeanFactoryPostProcessors(AbstractApplicationContext.java:791) ~[spring-context-6.2.0.jar:6.2.0]
	at org.springframework.context.support.AbstractApplicationContext.refresh(AbstractApplicationContext.java:609) ~[spring-context-6.2.0.jar:6.2.0]
	at org.springframework.boot.web.servlet.context.ServletWebServerApplicationContext.refresh(ServletWebServerApplicationContext.java:146) ~[spring-boot-3.4.0.jar:3.4.0]
	at org.springframework.boot.SpringApplication.refresh(SpringApplication.java:752) [spring-boot-3.4.0.jar:3.4.0]
	at org.springframework.boot.SpringApplication.refreshContext(SpringApplication.java:439) [spring-boot-3.4.0.jar:3.4.0]
	at org.springframework.boot.SpringApplication.run(SpringApplication.java:318) [spring-boot-3.4.0.jar:3.4.0]
	at org.springframework.boot.SpringApplication.run(SpringApplication.java:1361) [spring-boot-3.4.0.jar:3.4.0]
	at org.springframework.boot.SpringApplication.run(SpringApplication.java:1350) [spring-boot-3.4.0.jar:3.4.0]
	at com.gamingtec.services.bonusservice.BonusServiceApplication.main(BonusServiceApplication.java:10) [classes/:?]
Caused by: org.springframework.context.annotation.ConflictingBeanDefinitionException: Annotation-specified bean name 'bonusBalancePublisher' for bean class [com.gamingtec.services.bonusservice.kafka.publisher.dto.BonusBalancePublisher] conflicts with existing, non-compatible bean definition of same name and class [com.gamingtec.services.bonusservice.kafka.publisher.BonusBalancePublisher]
	at org.springframework.context.annotation.ClassPathBeanDefinitionScanner.checkCandidate(ClassPathBeanDefinitionScanner.java:361) ~[spring-context-6.2.0.jar:6.2.0]
	at org.springframework.context.annotation.ClassPathBeanDefinitionScanner.doScan(ClassPathBeanDefinitionScanner.java:288) ~[spring-context-6.2.0.jar:6.2.0]
	at org.springframework.context.annotation.ComponentScanAnnotationParser.parse(ComponentScanAnnotationParser.java:128) ~[spring-context-6.2.0.jar:6.2.0]
	at org.springframework.context.annotation.ConfigurationClassParser.doProcessConfigurationClass(ConfigurationClassParser.java:332) ~[spring-context-6.2.0.jar:6.2.0]
	at org.springframework.context.annotation.ConfigurationClassParser.processConfigurationClass(ConfigurationClassParser.java:267) ~[spring-context-6.2.0.jar:6.2.0]
	at org.springframework.context.annotation.ConfigurationClassParser.parse(ConfigurationClassParser.java:193) ~[spring-context-6.2.0.jar:6.2.0]
	at org.springframework.context.annotation.ConfigurationClassParser.parse(ConfigurationClassParser.java:171) ~[spring-context-6.2.0.jar:6.2.0]
	... 13 more
Starting BonusServiceApplication using Java 17.0.13 with PID 1343193 (/home/flammy/IdeaProjects/transaction-flow/bonus-service/target/classes started by flammy in /home/flammy/IdeaProjects/transaction-flow)
No active profile set, falling back to 1 default profile: "default"
Exception encountered during context initialization - cancelling refresh attempt: org.springframework.beans.factory.BeanDefinitionStoreException: Failed to parse configuration class [com.gamingtec.services.bonusservice.BonusServiceApplication]
Application run failed
org.springframework.beans.factory.BeanDefinitionStoreException: Failed to parse configuration class [com.gamingtec.services.bonusservice.BonusServiceApplication]
	at org.springframework.context.annotation.ConfigurationClassParser.parse(ConfigurationClassParser.java:185) ~[spring-context-6.2.0.jar:6.2.0]
	at org.springframework.context.annotation.ConfigurationClassPostProcessor.processConfigBeanDefinitions(ConfigurationClassPostProcessor.java:418) ~[spring-context-6.2.0.jar:6.2.0]
	at org.springframework.context.annotation.ConfigurationClassPostProcessor.postProcessBeanDefinitionRegistry(ConfigurationClassPostProcessor.java:290) ~[spring-context-6.2.0.jar:6.2.0]
	at org.springframework.context.support.PostProcessorRegistrationDelegate.invokeBeanDefinitionRegistryPostProcessors(PostProcessorRegistrationDelegate.java:349) ~[spring-context-6.2.0.jar:6.2.0]
	at org.springframework.context.support.PostProcessorRegistrationDelegate.invokeBeanFactoryPostProcessors(PostProcessorRegistrationDelegate.java:118) ~[spring-context-6.2.0.jar:6.2.0]
	at org.springframework.context.support.AbstractApplicationContext.invokeBeanFactoryPostProcessors(AbstractApplicationContext.java:791) ~[spring-context-6.2.0.jar:6.2.0]
	at org.springframework.context.support.AbstractApplicationContext.refresh(AbstractApplicationContext.java:609) ~[spring-context-6.2.0.jar:6.2.0]
	at org.springframework.boot.web.servlet.context.ServletWebServerApplicationContext.refresh(ServletWebServerApplicationContext.java:146) ~[spring-boot-3.4.0.jar:3.4.0]
	at org.springframework.boot.SpringApplication.refresh(SpringApplication.java:752) [spring-boot-3.4.0.jar:3.4.0]
	at org.springframework.boot.SpringApplication.refreshContext(SpringApplication.java:439) [spring-boot-3.4.0.jar:3.4.0]
	at org.springframework.boot.SpringApplication.run(SpringApplication.java:318) [spring-boot-3.4.0.jar:3.4.0]
	at org.springframework.boot.SpringApplication.run(SpringApplication.java:1361) [spring-boot-3.4.0.jar:3.4.0]
	at org.springframework.boot.SpringApplication.run(SpringApplication.java:1350) [spring-boot-3.4.0.jar:3.4.0]
	at com.gamingtec.services.bonusservice.BonusServiceApplication.main(BonusServiceApplication.java:10) [classes/:?]
Caused by: org.springframework.context.annotation.ConflictingBeanDefinitionException: Annotation-specified bean name 'bonusBalancePublisher' for bean class [com.gamingtec.services.bonusservice.kafka.publisher.dto.BonusBalancePublisher] conflicts with existing, non-compatible bean definition of same name and class [com.gamingtec.services.bonusservice.kafka.publisher.BonusBalancePublisher]
	at org.springframework.context.annotation.ClassPathBeanDefinitionScanner.checkCandidate(ClassPathBeanDefinitionScanner.java:361) ~[spring-context-6.2.0.jar:6.2.0]
	at org.springframework.context.annotation.ClassPathBeanDefinitionScanner.doScan(ClassPathBeanDefinitionScanner.java:288) ~[spring-context-6.2.0.jar:6.2.0]
	at org.springframework.context.annotation.ComponentScanAnnotationParser.parse(ComponentScanAnnotationParser.java:128) ~[spring-context-6.2.0.jar:6.2.0]
	at org.springframework.context.annotation.ConfigurationClassParser.doProcessConfigurationClass(ConfigurationClassParser.java:332) ~[spring-context-6.2.0.jar:6.2.0]
	at org.springframework.context.annotation.ConfigurationClassParser.processConfigurationClass(ConfigurationClassParser.java:267) ~[spring-context-6.2.0.jar:6.2.0]
	at org.springframework.context.annotation.ConfigurationClassParser.parse(ConfigurationClassParser.java:193) ~[spring-context-6.2.0.jar:6.2.0]
	at org.springframework.context.annotation.ConfigurationClassParser.parse(ConfigurationClassParser.java:171) ~[spring-context-6.2.0.jar:6.2.0]
	... 13 more
Starting BonusServiceApplication using Java 23.0.1 with PID 1396069 (/home/flammy/IdeaProjects/transaction-flow/bonus-service/target/classes started by flammy in /home/flammy/IdeaProjects/transaction-flow)
No active profile set, falling back to 1 default profile: "default"
Tomcat initialized with port 8082 (http)
Root WebApplicationContext: initialization completed in 577 ms
Tomcat started on port 8082 (http) with context path '/'
Started BonusServiceApplication in 1.189 seconds (process running for 2.327)
Commencing graceful shutdown. Waiting for active requests to complete
Graceful shutdown complete
Starting BonusServiceApplication using Java 23.0.1 with PID 1396500 (/home/flammy/IdeaProjects/transaction-flow/bonus-service/target/classes started by flammy in /home/flammy/IdeaProjects/transaction-flow)
No active profile set, falling back to 1 default profile: "default"
Tomcat initialized with port 8082 (http)
Root WebApplicationContext: initialization completed in 541 ms
Starting WalletServiceApplication using Java 23.0.1 with PID 1397656 (/home/flammy/IdeaProjects/transaction-flow/wallet-service/target/classes started by flammy in /home/flammy/IdeaProjects/transaction-flow)
No active profile set, falling back to 1 default profile: "default"
Tomcat initialized with port 8082 (http)
Root WebApplicationContext: initialization completed in 700 ms
No retry topic configuration found for topics [balance-request]
1 @KafkaListener methods processed on bean 'balanceReqListener': {public void com.gamingtec.services.wallet.kafka.listener.api.BalanceReqListener.balanceRequest(com.gamingtec.services.event.dto.BalanceRequestEvent)=[@org.springframework.kafka.annotation.KafkaListener(topicPattern="", contentTypeConverter="", containerFactory="", beanRef="__listener", topics={"balance-request"}, groupId="a", batch="", topicPartitions={}, clientIdPrefix="", splitIterables=true, concurrency="", autoStartup="", filter="", containerGroup="", idIsGroup=true, errorHandler="", id="", containerPostProcessor="", properties={}, info="")]}
No retry topic configuration found for topics [bonus-balance]
1 @KafkaListener methods processed on bean 'bonusBalanceListener': {public void com.gamingtec.services.wallet.kafka.listener.api.BonusBalanceListener.bonusBalance(com.gamingtec.services.event.dto.BonusBalanceEvent)=[@org.springframework.kafka.annotation.KafkaListener(topicPattern="", contentTypeConverter="", containerFactory="", beanRef="__listener", topics={"bonus-balance"}, groupId="a", batch="", topicPartitions={}, clientIdPrefix="", splitIterables=true, concurrency="", autoStartup="", filter="", containerGroup="", idIsGroup=true, errorHandler="", id="", containerPostProcessor="", properties={}, info="")]}
Tomcat started on port 8082 (http) with context path '/'
Commit list: {}
Commit list: {}
Started WalletServiceApplication in 1.749 seconds (process running for 2.66)
a: partitions assigned: [bonus-balance-0, bonus-balance-1]
a: partitions assigned: [balance-request-0, balance-request-1]
Received: 0 records
Commit list: {}
Received: 0 records
Commit list: {}
Received: 0 records
Commit list: {}
Received: 0 records
Commit list: {}
a: partitions revoked: [balance-request-0, balance-request-1]
a: partitions revoked: [bonus-balance-0, bonus-balance-1]
Commit list: {}
Commit list: {}
a: Consumer stopped
a: Consumer stopped
KafkaMessageListenerContainer [id=org.springframework.kafka.KafkaListenerEndpointContainer#0-0, clientIndex=-0, topicPartitions=[]] stopped normally
KafkaMessageListenerContainer [id=org.springframework.kafka.KafkaListenerEndpointContainer#1-0, clientIndex=-0, topicPartitions=[]] stopped normally
Commencing graceful shutdown. Waiting for active requests to complete
Graceful shutdown complete
